------------------------------------------------------------
Timing Analyzer Summary
------------------------------------------------------------

Type  : Slow 1100mV 85C Model Setup 'Clk'
Slack : -2.219
TNS   : -35.713

Type  : Slow 1100mV 85C Model Hold 'Clk'
Slack : 0.435
TNS   : 0.000

Type  : Slow 1100mV 85C Model Minimum Pulse Width 'Clk'
Slack : -0.724
TNS   : -26.709

Type  : Slow 1100mV 0C Model Setup 'Clk'
Slack : -2.169
TNS   : -32.657

Type  : Slow 1100mV 0C Model Hold 'Clk'
Slack : 0.429
TNS   : 0.000

Type  : Slow 1100mV 0C Model Minimum Pulse Width 'Clk'
Slack : -0.724
TNS   : -26.784

Type  : Fast 1100mV 85C Model Setup 'Clk'
Slack : -0.158
TNS   : -0.792

Type  : Fast 1100mV 85C Model Hold 'Clk'
Slack : 0.177
TNS   : 0.000

Type  : Fast 1100mV 85C Model Minimum Pulse Width 'Clk'
Slack : -0.085
TNS   : -1.984

Type  : Fast 1100mV 0C Model Setup 'Clk'
Slack : -0.088
TNS   : -0.417

Type  : Fast 1100mV 0C Model Hold 'Clk'
Slack : 0.166
TNS   : 0.000

Type  : Fast 1100mV 0C Model Minimum Pulse Width 'Clk'
Slack : -0.084
TNS   : -1.979

------------------------------------------------------------
