------------------------------------------------------------
Timing Analyzer Summary
------------------------------------------------------------

Type  : Slow 1100mV 85C Model Setup 'Clk'
Slack : -2.909
TNS   : -114.147

Type  : Slow 1100mV 85C Model Hold 'Clk'
Slack : 0.388
TNS   : 0.000

Type  : Slow 1100mV 85C Model Minimum Pulse Width 'Clk'
Slack : -0.538
TNS   : -43.347

Type  : Slow 1100mV 0C Model Setup 'Clk'
Slack : -2.889
TNS   : -112.532

Type  : Slow 1100mV 0C Model Hold 'Clk'
Slack : 0.372
TNS   : 0.000

Type  : Slow 1100mV 0C Model Minimum Pulse Width 'Clk'
Slack : -0.538
TNS   : -44.215

Type  : Fast 1100mV 85C Model Setup 'Clk'
Slack : -0.919
TNS   : -30.625

Type  : Fast 1100mV 85C Model Hold 'Clk'
Slack : 0.179
TNS   : 0.000

Type  : Fast 1100mV 85C Model Minimum Pulse Width 'Clk'
Slack : -0.094
TNS   : -5.191

Type  : Fast 1100mV 0C Model Setup 'Clk'
Slack : -0.752
TNS   : -24.117

Type  : Fast 1100mV 0C Model Hold 'Clk'
Slack : 0.170
TNS   : 0.000

Type  : Fast 1100mV 0C Model Minimum Pulse Width 'Clk'
Slack : -0.097
TNS   : -5.355

------------------------------------------------------------
