------------------------------------------------------------
Timing Analyzer Summary
------------------------------------------------------------

Type  : Slow 1100mV 85C Model Setup 'clk25'
Slack : -4.340
TNS   : -235.702

Type  : Slow 1100mV 85C Model Setup 'MOUSE:u_mouse|MOUSE_CLK_FILTER'
Slack : -3.895
TNS   : -260.326

Type  : Slow 1100mV 85C Model Setup 'VGA_SYNC:u_vga_sync|vert_sync_out'
Slack : -3.228
TNS   : -45.618

Type  : Slow 1100mV 85C Model Setup 'CLOCK_50'
Slack : -2.703
TNS   : -2.703

Type  : Slow 1100mV 85C Model Hold 'MOUSE:u_mouse|MOUSE_CLK_FILTER'
Slack : 0.172
TNS   : 0.000

Type  : Slow 1100mV 85C Model Hold 'clk25'
Slack : 0.295
TNS   : 0.000

Type  : Slow 1100mV 85C Model Hold 'VGA_SYNC:u_vga_sync|vert_sync_out'
Slack : 0.654
TNS   : 0.000

Type  : Slow 1100mV 85C Model Hold 'CLOCK_50'
Slack : 0.946
TNS   : 0.000

Type  : Slow 1100mV 85C Model Recovery 'MOUSE:u_mouse|MOUSE_CLK_FILTER'
Slack : -1.517
TNS   : -24.187

Type  : Slow 1100mV 85C Model Removal 'MOUSE:u_mouse|MOUSE_CLK_FILTER'
Slack : 0.572
TNS   : 0.000

Type  : Slow 1100mV 85C Model Minimum Pulse Width 'CLOCK_50'
Slack : -0.666
TNS   : -1.204

Type  : Slow 1100mV 85C Model Minimum Pulse Width 'clk25'
Slack : -0.538
TNS   : -78.240

Type  : Slow 1100mV 85C Model Minimum Pulse Width 'MOUSE:u_mouse|MOUSE_CLK_FILTER'
Slack : -0.538
TNS   : -71.763

Type  : Slow 1100mV 85C Model Minimum Pulse Width 'VGA_SYNC:u_vga_sync|vert_sync_out'
Slack : -0.538
TNS   : -14.259

Type  : Slow 1100mV 0C Model Setup 'clk25'
Slack : -4.338
TNS   : -234.730

Type  : Slow 1100mV 0C Model Setup 'MOUSE:u_mouse|MOUSE_CLK_FILTER'
Slack : -3.847
TNS   : -247.129

Type  : Slow 1100mV 0C Model Setup 'VGA_SYNC:u_vga_sync|vert_sync_out'
Slack : -3.269
TNS   : -47.757

Type  : Slow 1100mV 0C Model Setup 'CLOCK_50'
Slack : -2.625
TNS   : -2.625

Type  : Slow 1100mV 0C Model Hold 'MOUSE:u_mouse|MOUSE_CLK_FILTER'
Slack : 0.236
TNS   : 0.000

Type  : Slow 1100mV 0C Model Hold 'clk25'
Slack : 0.339
TNS   : 0.000

Type  : Slow 1100mV 0C Model Hold 'VGA_SYNC:u_vga_sync|vert_sync_out'
Slack : 0.632
TNS   : 0.000

Type  : Slow 1100mV 0C Model Hold 'CLOCK_50'
Slack : 0.888
TNS   : 0.000

Type  : Slow 1100mV 0C Model Recovery 'MOUSE:u_mouse|MOUSE_CLK_FILTER'
Slack : -1.383
TNS   : -22.029

Type  : Slow 1100mV 0C Model Removal 'MOUSE:u_mouse|MOUSE_CLK_FILTER'
Slack : 0.549
TNS   : 0.000

Type  : Slow 1100mV 0C Model Minimum Pulse Width 'CLOCK_50'
Slack : -0.748
TNS   : -1.324

Type  : Slow 1100mV 0C Model Minimum Pulse Width 'clk25'
Slack : -0.538
TNS   : -76.674

Type  : Slow 1100mV 0C Model Minimum Pulse Width 'MOUSE:u_mouse|MOUSE_CLK_FILTER'
Slack : -0.538
TNS   : -71.346

Type  : Slow 1100mV 0C Model Minimum Pulse Width 'VGA_SYNC:u_vga_sync|vert_sync_out'
Slack : -0.538
TNS   : -14.049

Type  : Fast 1100mV 85C Model Setup 'clk25'
Slack : -2.539
TNS   : -90.451

Type  : Fast 1100mV 85C Model Setup 'CLOCK_50'
Slack : -2.076
TNS   : -2.076

Type  : Fast 1100mV 85C Model Setup 'MOUSE:u_mouse|MOUSE_CLK_FILTER'
Slack : -1.596
TNS   : -102.200

Type  : Fast 1100mV 85C Model Setup 'VGA_SYNC:u_vga_sync|vert_sync_out'
Slack : -1.382
TNS   : -16.348

Type  : Fast 1100mV 85C Model Hold 'clk25'
Slack : 0.090
TNS   : 0.000

Type  : Fast 1100mV 85C Model Hold 'MOUSE:u_mouse|MOUSE_CLK_FILTER'
Slack : 0.094
TNS   : 0.000

Type  : Fast 1100mV 85C Model Hold 'VGA_SYNC:u_vga_sync|vert_sync_out'
Slack : 0.238
TNS   : 0.000

Type  : Fast 1100mV 85C Model Hold 'CLOCK_50'
Slack : 1.126
TNS   : 0.000

Type  : Fast 1100mV 85C Model Recovery 'MOUSE:u_mouse|MOUSE_CLK_FILTER'
Slack : -0.602
TNS   : -9.588

Type  : Fast 1100mV 85C Model Removal 'MOUSE:u_mouse|MOUSE_CLK_FILTER'
Slack : 0.195
TNS   : 0.000

Type  : Fast 1100mV 85C Model Minimum Pulse Width 'CLOCK_50'
Slack : -0.726
TNS   : -1.268

Type  : Fast 1100mV 85C Model Minimum Pulse Width 'MOUSE:u_mouse|MOUSE_CLK_FILTER'
Slack : -0.047
TNS   : -1.000

Type  : Fast 1100mV 85C Model Minimum Pulse Width 'clk25'
Slack : -0.038
TNS   : -0.406

Type  : Fast 1100mV 85C Model Minimum Pulse Width 'VGA_SYNC:u_vga_sync|vert_sync_out'
Slack : 0.113
TNS   : 0.000

Type  : Fast 1100mV 0C Model Setup 'clk25'
Slack : -2.244
TNS   : -77.957

Type  : Fast 1100mV 0C Model Setup 'CLOCK_50'
Slack : -1.812
TNS   : -1.812

Type  : Fast 1100mV 0C Model Setup 'MOUSE:u_mouse|MOUSE_CLK_FILTER'
Slack : -1.378
TNS   : -88.867

Type  : Fast 1100mV 0C Model Setup 'VGA_SYNC:u_vga_sync|vert_sync_out'
Slack : -1.208
TNS   : -14.643

Type  : Fast 1100mV 0C Model Hold 'clk25'
Slack : 0.046
TNS   : 0.000

Type  : Fast 1100mV 0C Model Hold 'MOUSE:u_mouse|MOUSE_CLK_FILTER'
Slack : 0.098
TNS   : 0.000

Type  : Fast 1100mV 0C Model Hold 'VGA_SYNC:u_vga_sync|vert_sync_out'
Slack : 0.206
TNS   : 0.000

Type  : Fast 1100mV 0C Model Hold 'CLOCK_50'
Slack : 0.910
TNS   : 0.000

Type  : Fast 1100mV 0C Model Recovery 'MOUSE:u_mouse|MOUSE_CLK_FILTER'
Slack : -0.537
TNS   : -8.560

Type  : Fast 1100mV 0C Model Removal 'MOUSE:u_mouse|MOUSE_CLK_FILTER'
Slack : 0.194
TNS   : 0.000

Type  : Fast 1100mV 0C Model Minimum Pulse Width 'CLOCK_50'
Slack : -0.783
TNS   : -1.438

Type  : Fast 1100mV 0C Model Minimum Pulse Width 'MOUSE:u_mouse|MOUSE_CLK_FILTER'
Slack : -0.009
TNS   : -0.113

Type  : Fast 1100mV 0C Model Minimum Pulse Width 'clk25'
Slack : 0.019
TNS   : 0.000

Type  : Fast 1100mV 0C Model Minimum Pulse Width 'VGA_SYNC:u_vga_sync|vert_sync_out'
Slack : 0.129
TNS   : 0.000

------------------------------------------------------------
