------------------------------------------------------------
Timing Analyzer Summary
------------------------------------------------------------

Type  : Slow 1100mV 85C Model Setup 'CLOCK_50'
Slack : -2.790
TNS   : -113.798

Type  : Slow 1100mV 85C Model Hold 'CLOCK_50'
Slack : 0.363
TNS   : 0.000

Type  : Slow 1100mV 85C Model Minimum Pulse Width 'CLOCK_50'
Slack : -0.538
TNS   : -44.889

Type  : Slow 1100mV 0C Model Setup 'CLOCK_50'
Slack : -2.958
TNS   : -111.864

Type  : Slow 1100mV 0C Model Hold 'CLOCK_50'
Slack : 0.346
TNS   : 0.000

Type  : Slow 1100mV 0C Model Minimum Pulse Width 'CLOCK_50'
Slack : -0.538
TNS   : -45.703

Type  : Fast 1100mV 85C Model Setup 'CLOCK_50'
Slack : -0.776
TNS   : -26.569

Type  : Fast 1100mV 85C Model Hold 'CLOCK_50'
Slack : 0.184
TNS   : 0.000

Type  : Fast 1100mV 85C Model Minimum Pulse Width 'CLOCK_50'
Slack : -0.099
TNS   : -5.444

Type  : Fast 1100mV 0C Model Setup 'CLOCK_50'
Slack : -0.700
TNS   : -20.626

Type  : Fast 1100mV 0C Model Hold 'CLOCK_50'
Slack : 0.168
TNS   : 0.000

Type  : Fast 1100mV 0C Model Minimum Pulse Width 'CLOCK_50'
Slack : -0.099
TNS   : -5.570

------------------------------------------------------------
