------------------------------------------------------------
Timing Analyzer Summary
------------------------------------------------------------

Type  : Slow 1100mV 85C Model Setup 'Clk'
Slack : -0.346
TNS   : -1.061

Type  : Slow 1100mV 85C Model Hold 'Clk'
Slack : 0.446
TNS   : 0.000

Type  : Slow 1100mV 85C Model Minimum Pulse Width 'Clk'
Slack : -0.538
TNS   : -3.136

Type  : Slow 1100mV 0C Model Setup 'Clk'
Slack : -0.406
TNS   : -1.283

Type  : Slow 1100mV 0C Model Hold 'Clk'
Slack : 0.424
TNS   : 0.000

Type  : Slow 1100mV 0C Model Minimum Pulse Width 'Clk'
Slack : -0.538
TNS   : -3.144

Type  : Fast 1100mV 85C Model Setup 'Clk'
Slack : 0.375
TNS   : 0.000

Type  : Fast 1100mV 85C Model Hold 'Clk'
Slack : 0.178
TNS   : 0.000

Type  : Fast 1100mV 85C Model Minimum Pulse Width 'Clk'
Slack : -0.092
TNS   : -0.368

Type  : Fast 1100mV 0C Model Setup 'Clk'
Slack : 0.397
TNS   : 0.000

Type  : Fast 1100mV 0C Model Hold 'Clk'
Slack : 0.169
TNS   : 0.000

Type  : Fast 1100mV 0C Model Minimum Pulse Width 'Clk'
Slack : -0.094
TNS   : -0.376

------------------------------------------------------------
