Analysis & Synthesis report for lab3_quartus
Thu Apr 10 20:41:44 2025
Quartus Prime Version 24.1std.0 Build 1077 03/04/2025 SC Lite Edition


---------------------
; Table of Contents ;
---------------------
  1. Legal Notice
  2. Analysis & Synthesis Summary
  3. Analysis & Synthesis Settings
  4. Parallel Compilation
  5. Analysis & Synthesis Source Files Read
  6. Analysis & Synthesis Resource Usage Summary
  7. Analysis & Synthesis Resource Utilization by Entity
  8. Registers Removed During Synthesis
  9. General Register Statistics
 10. Multiplexer Restructuring Statistics (Restructuring Performed)
 11. Port Connectivity Checks: "BCD_Counter:Min_Counter"
 12. Port Connectivity Checks: "BCD_Counter_Limit5:Sec10_Counter"
 13. Port Connectivity Checks: "BCD_Counter:Sec1_Counter"
 14. Post-Synthesis Netlist Statistics for Top Partition
 15. Elapsed Time Per Partition
 16. Analysis & Synthesis Messages



----------------
; Legal Notice ;
----------------
Copyright (C) 2025  Altera Corporation. All rights reserved.
Your use of Altera Corporation's design tools, logic functions 
and other software and tools, and any partner logic 
functions, and any output files from any of the foregoing 
(including device programming or simulation files), and any 
associated documentation or information are expressly subject 
to the terms and conditions of the Altera Program License 
Subscription Agreement, the Altera Quartus Prime License Agreement,
the Altera IP License Agreement, or other applicable license
agreement, including, without limitation, that your use is for
the sole purpose of programming logic devices manufactured by
Altera and sold by Altera or its authorized distributors.  Please
refer to the Altera Software License Subscription Agreements 
on the Quartus Prime software download page.



+-----------------------------------------------------------------------------------+
; Analysis & Synthesis Summary                                                      ;
+---------------------------------+-------------------------------------------------+
; Analysis & Synthesis Status     ; Successful - Thu Apr 10 20:41:44 2025           ;
; Quartus Prime Version           ; 24.1std.0 Build 1077 03/04/2025 SC Lite Edition ;
; Revision Name                   ; lab3_quartus                                    ;
; Top-level Entity Name           ; Programmable_Timer                              ;
; Family                          ; Cyclone V                                       ;
; Logic utilization (in ALMs)     ; N/A                                             ;
; Total registers                 ; 50                                              ;
; Total pins                      ; 35                                              ;
; Total virtual pins              ; 0                                               ;
; Total block memory bits         ; 0                                               ;
; Total DSP Blocks                ; 0                                               ;
; Total HSSI RX PCSs              ; 0                                               ;
; Total HSSI PMA RX Deserializers ; 0                                               ;
; Total HSSI TX PCSs              ; 0                                               ;
; Total HSSI PMA TX Serializers   ; 0                                               ;
; Total PLLs                      ; 0                                               ;
; Total DLLs                      ; 0                                               ;
+---------------------------------+-------------------------------------------------+


+---------------------------------------------------------------------------------------------------------------------------+
; Analysis & Synthesis Settings                                                                                             ;
+---------------------------------------------------------------------------------+--------------------+--------------------+
; Option                                                                          ; Setting            ; Default Value      ;
+---------------------------------------------------------------------------------+--------------------+--------------------+
; Device                                                                          ; 5CEBA4F23C7        ;                    ;
; Top-level entity name                                                           ; Programmable_Timer ; lab3_quartus       ;
; Family name                                                                     ; Cyclone V          ; Cyclone V          ;
; Use smart compilation                                                           ; Off                ; Off                ;
; Enable parallel Assembler and Timing Analyzer during compilation                ; On                 ; On                 ;
; Enable compact report table                                                     ; Off                ; Off                ;
; Restructure Multiplexers                                                        ; Auto               ; Auto               ;
; MLAB Add Timing Constraints For Mixed-Port Feed-Through Mode Setting Don't Care ; Off                ; Off                ;
; Create Debugging Nodes for IP Cores                                             ; Off                ; Off                ;
; Preserve fewer node names                                                       ; On                 ; On                 ;
; Intel FPGA IP Evaluation Mode                                                   ; Enable             ; Enable             ;
; Verilog Version                                                                 ; Verilog_2001       ; Verilog_2001       ;
; VHDL Version                                                                    ; VHDL_1993          ; VHDL_1993          ;
; State Machine Processing                                                        ; Auto               ; Auto               ;
; Safe State Machine                                                              ; Off                ; Off                ;
; Extract Verilog State Machines                                                  ; On                 ; On                 ;
; Extract VHDL State Machines                                                     ; On                 ; On                 ;
; Ignore Verilog initial constructs                                               ; Off                ; Off                ;
; Iteration limit for constant Verilog loops                                      ; 5000               ; 5000               ;
; Iteration limit for non-constant Verilog loops                                  ; 250                ; 250                ;
; Add Pass-Through Logic to Inferred RAMs                                         ; On                 ; On                 ;
; Infer RAMs from Raw Logic                                                       ; On                 ; On                 ;
; Parallel Synthesis                                                              ; On                 ; On                 ;
; DSP Block Balancing                                                             ; Auto               ; Auto               ;
; NOT Gate Push-Back                                                              ; On                 ; On                 ;
; Power-Up Don't Care                                                             ; On                 ; On                 ;
; Remove Redundant Logic Cells                                                    ; Off                ; Off                ;
; Remove Duplicate Registers                                                      ; On                 ; On                 ;
; Ignore CARRY Buffers                                                            ; Off                ; Off                ;
; Ignore CASCADE Buffers                                                          ; Off                ; Off                ;
; Ignore GLOBAL Buffers                                                           ; Off                ; Off                ;
; Ignore ROW GLOBAL Buffers                                                       ; Off                ; Off                ;
; Ignore LCELL Buffers                                                            ; Off                ; Off                ;
; Ignore SOFT Buffers                                                             ; On                 ; On                 ;
; Limit AHDL Integers to 32 Bits                                                  ; Off                ; Off                ;
; Optimization Technique                                                          ; Balanced           ; Balanced           ;
; Carry Chain Length                                                              ; 70                 ; 70                 ;
; Auto Carry Chains                                                               ; On                 ; On                 ;
; Auto Open-Drain Pins                                                            ; On                 ; On                 ;
; Perform WYSIWYG Primitive Resynthesis                                           ; Off                ; Off                ;
; Auto ROM Replacement                                                            ; On                 ; On                 ;
; Auto RAM Replacement                                                            ; On                 ; On                 ;
; Auto DSP Block Replacement                                                      ; On                 ; On                 ;
; Auto Shift Register Replacement                                                 ; Auto               ; Auto               ;
; Allow Shift Register Merging across Hierarchies                                 ; Auto               ; Auto               ;
; Auto Clock Enable Replacement                                                   ; On                 ; On                 ;
; Strict RAM Replacement                                                          ; Off                ; Off                ;
; Allow Synchronous Control Signals                                               ; On                 ; On                 ;
; Force Use of Synchronous Clear Signals                                          ; Off                ; Off                ;
; Auto Resource Sharing                                                           ; Off                ; Off                ;
; Allow Any RAM Size For Recognition                                              ; Off                ; Off                ;
; Allow Any ROM Size For Recognition                                              ; Off                ; Off                ;
; Allow Any Shift Register Size For Recognition                                   ; Off                ; Off                ;
; Use LogicLock Constraints during Resource Balancing                             ; On                 ; On                 ;
; Ignore translate_off and synthesis_off directives                               ; Off                ; Off                ;
; Timing-Driven Synthesis                                                         ; On                 ; On                 ;
; Report Parameter Settings                                                       ; On                 ; On                 ;
; Report Source Assignments                                                       ; On                 ; On                 ;
; Report Connectivity Checks                                                      ; On                 ; On                 ;
; Ignore Maximum Fan-Out Assignments                                              ; Off                ; Off                ;
; Synchronization Register Chain Length                                           ; 3                  ; 3                  ;
; Power Optimization During Synthesis                                             ; Normal compilation ; Normal compilation ;
; HDL message level                                                               ; Level2             ; Level2             ;
; Suppress Register Optimization Related Messages                                 ; Off                ; Off                ;
; Number of Removed Registers Reported in Synthesis Report                        ; 5000               ; 5000               ;
; Number of Swept Nodes Reported in Synthesis Report                              ; 5000               ; 5000               ;
; Number of Inverted Registers Reported in Synthesis Report                       ; 100                ; 100                ;
; Clock MUX Protection                                                            ; On                 ; On                 ;
; Auto Gated Clock Conversion                                                     ; Off                ; Off                ;
; Block Design Naming                                                             ; Auto               ; Auto               ;
; SDC constraint protection                                                       ; Off                ; Off                ;
; Synthesis Effort                                                                ; Auto               ; Auto               ;
; Shift Register Replacement - Allow Asynchronous Clear Signal                    ; On                 ; On                 ;
; Pre-Mapping Resynthesis Optimization                                            ; Off                ; Off                ;
; Analysis & Synthesis Message Level                                              ; Medium             ; Medium             ;
; Disable Register Merging Across Hierarchies                                     ; Auto               ; Auto               ;
; Resource Aware Inference For Block RAM                                          ; On                 ; On                 ;
; Automatic Parallel Synthesis                                                    ; On                 ; On                 ;
; Partial Reconfiguration Bitstream ID                                            ; Off                ; Off                ;
+---------------------------------------------------------------------------------+--------------------+--------------------+


+------------------------------------------+
; Parallel Compilation                     ;
+----------------------------+-------------+
; Processors                 ; Number      ;
+----------------------------+-------------+
; Number detected on machine ; 16          ;
; Maximum allowed            ; 16          ;
;                            ;             ;
; Average used               ; 1.00        ;
; Maximum used               ; 16          ;
;                            ;             ;
; Usage by Processor         ; % Time Used ;
;     Processor 1            ; 100.0%      ;
;     Processors 2-16        ;   0.0%      ;
+----------------------------+-------------+


+-----------------------------------------------------------------------------------------------------------------------------------------------+
; Analysis & Synthesis Source Files Read                                                                                                        ;
+-------------------------------------------+-----------------+-----------------+-----------------------------------------------------+---------+
; File Name with User-Entered Path          ; Used in Netlist ; File Type       ; File Name with Absolute Path                        ; Library ;
+-------------------------------------------+-----------------+-----------------+-----------------------------------------------------+---------+
; ../lab3_VHDL_files/Programmable_Timer.vhd ; yes             ; User VHDL File  ; C:/lab3Tonny/lab3_VHDL_files/Programmable_Timer.vhd ;         ;
; ../lab3_VHDL_files/ClockDivider_1Hz.vhd   ; yes             ; User VHDL File  ; C:/lab3Tonny/lab3_VHDL_files/ClockDivider_1Hz.vhd   ;         ;
; ../lab3_VHDL_files/BCD_to_7Seg.vhd        ; yes             ; User VHDL File  ; C:/lab3Tonny/lab3_VHDL_files/BCD_to_7Seg.vhd        ;         ;
; ../lab3_VHDL_files/BCD_Counter_Limit5.vhd ; yes             ; User VHDL File  ; C:/lab3Tonny/lab3_VHDL_files/BCD_Counter_Limit5.vhd ;         ;
; ../lab3_VHDL_files/BCD_Counter.vhd        ; yes             ; User VHDL File  ; C:/lab3Tonny/lab3_VHDL_files/BCD_Counter.vhd        ;         ;
+-------------------------------------------+-----------------+-----------------+-----------------------------------------------------+---------+


+-----------------------------------------------------------+
; Analysis & Synthesis Resource Usage Summary               ;
+---------------------------------------------+-------------+
; Resource                                    ; Usage       ;
+---------------------------------------------+-------------+
; Estimate of Logic utilization (ALMs needed) ; 47          ;
;                                             ;             ;
; Combinational ALUT usage for logic          ; 83          ;
;     -- 7 input functions                    ; 0           ;
;     -- 6 input functions                    ; 10          ;
;     -- 5 input functions                    ; 8           ;
;     -- 4 input functions                    ; 27          ;
;     -- <=3 input functions                  ; 38          ;
;                                             ;             ;
; Dedicated logic registers                   ; 50          ;
;                                             ;             ;
; I/O pins                                    ; 35          ;
;                                             ;             ;
; Total DSP Blocks                            ; 0           ;
;                                             ;             ;
; Maximum fan-out node                        ; Reset~input ;
; Maximum fan-out                             ; 53          ;
; Total fan-out                               ; 522         ;
; Average fan-out                             ; 2.57        ;
+---------------------------------------------+-------------+


+-------------------------------------------------------------------------------------------------------------------------------------------------------------------------------------------------------------------------------------------+
; Analysis & Synthesis Resource Utilization by Entity                                                                                                                                                                                       ;
+---------------------------------------+---------------------+---------------------------+-------------------+------------+------+--------------+------------------------------------------------------+--------------------+--------------+
; Compilation Hierarchy Node            ; Combinational ALUTs ; Dedicated Logic Registers ; Block Memory Bits ; DSP Blocks ; Pins ; Virtual Pins ; Full Hierarchy Name                                  ; Entity Name        ; Library Name ;
+---------------------------------------+---------------------+---------------------------+-------------------+------------+------+--------------+------------------------------------------------------+--------------------+--------------+
; |Programmable_Timer                   ; 83 (17)             ; 50 (11)                   ; 0                 ; 0          ; 35   ; 0            ; |Programmable_Timer                                  ; Programmable_Timer ; work         ;
;    |BCD_Counter:Min_Counter|          ; 5 (5)               ; 4 (4)                     ; 0                 ; 0          ; 0    ; 0            ; |Programmable_Timer|BCD_Counter:Min_Counter          ; BCD_Counter        ; work         ;
;    |BCD_Counter:Sec1_Counter|         ; 5 (5)               ; 4 (4)                     ; 0                 ; 0          ; 0    ; 0            ; |Programmable_Timer|BCD_Counter:Sec1_Counter         ; BCD_Counter        ; work         ;
;    |BCD_Counter_Limit5:Sec10_Counter| ; 4 (4)               ; 4 (4)                     ; 0                 ; 0          ; 0    ; 0            ; |Programmable_Timer|BCD_Counter_Limit5:Sec10_Counter ; BCD_Counter_Limit5 ; work         ;
;    |BCD_to_SevenSeg:MinuteDisplay|    ; 7 (7)               ; 0 (0)                     ; 0                 ; 0          ; 0    ; 0            ; |Programmable_Timer|BCD_to_SevenSeg:MinuteDisplay    ; BCD_to_SevenSeg    ; work         ;
;    |BCD_to_SevenSeg:SecOnesDisplay|   ; 7 (7)               ; 0 (0)                     ; 0                 ; 0          ; 0    ; 0            ; |Programmable_Timer|BCD_to_SevenSeg:SecOnesDisplay   ; BCD_to_SevenSeg    ; work         ;
;    |BCD_to_SevenSeg:SecTensDisplay|   ; 7 (7)               ; 0 (0)                     ; 0                 ; 0          ; 0    ; 0            ; |Programmable_Timer|BCD_to_SevenSeg:SecTensDisplay   ; BCD_to_SevenSeg    ; work         ;
;    |ClockDivider_1Hz:Divider_inst|    ; 31 (31)             ; 27 (27)                   ; 0                 ; 0          ; 0    ; 0            ; |Programmable_Timer|ClockDivider_1Hz:Divider_inst    ; ClockDivider_1Hz   ; work         ;
+---------------------------------------+---------------------+---------------------------+-------------------+------------+------+--------------+------------------------------------------------------+--------------------+--------------+
Note: For table entries with two numbers listed, the numbers in parentheses indicate the number of resources of the given type used by the specific entity alone. The numbers listed outside of parentheses indicate the total resources of the given type used by the specific entity and all of its sub-entities in the hierarchy.


+--------------------------------------------------------------------------------+
; Registers Removed During Synthesis                                             ;
+---------------------------------------+----------------------------------------+
; Register name                         ; Reason for Removal                     ;
+---------------------------------------+----------------------------------------+
; tgt_min[3]                            ; Merged with tgt_min[2]                 ;
; tgt_min[2]                            ; Stuck at GND due to stuck port data_in ;
; tgt_sec10[3]                          ; Stuck at GND due to stuck port data_in ;
; Total Number of Removed Registers = 3 ;                                        ;
+---------------------------------------+----------------------------------------+


+------------------------------------------------------+
; General Register Statistics                          ;
+----------------------------------------------+-------+
; Statistic                                    ; Value ;
+----------------------------------------------+-------+
; Total registers                              ; 50    ;
; Number of registers using Synchronous Clear  ; 26    ;
; Number of registers using Synchronous Load   ; 0     ;
; Number of registers using Asynchronous Clear ; 31    ;
; Number of registers using Asynchronous Load  ; 0     ;
; Number of registers using Clock Enable       ; 22    ;
; Number of registers using Preset             ; 0     ;
+----------------------------------------------+-------+


+----------------------------------------------------------------------------------------------------------------------------------------------------------------------------------+
; Multiplexer Restructuring Statistics (Restructuring Performed)                                                                                                                   ;
+--------------------+-----------+---------------+----------------------+------------------------+------------+--------------------------------------------------------------------+
; Multiplexer Inputs ; Bus Width ; Baseline Area ; Area if Restructured ; Saving if Restructured ; Registered ; Example Multiplexer Output                                         ;
+--------------------+-----------+---------------+----------------------+------------------------+------------+--------------------------------------------------------------------+
; 3:1                ; 2 bits    ; 4 LEs         ; 2 LEs                ; 2 LEs                  ; Yes        ; |Programmable_Timer|tgt_min[1]                                     ;
; 4:1                ; 4 bits    ; 8 LEs         ; 8 LEs                ; 0 LEs                  ; Yes        ; |Programmable_Timer|BCD_Counter:Min_Counter|count[0]               ;
; 4:1                ; 4 bits    ; 8 LEs         ; 8 LEs                ; 0 LEs                  ; Yes        ; |Programmable_Timer|BCD_Counter:Sec1_Counter|count[1]              ;
; 4:1                ; 2 bits    ; 4 LEs         ; 4 LEs                ; 0 LEs                  ; Yes        ; |Programmable_Timer|running                                        ;
; 4:1                ; 4 bits    ; 8 LEs         ; 8 LEs                ; 0 LEs                  ; Yes        ; |Programmable_Timer|tgt_sec10[0]                                   ;
; 4:1                ; 4 bits    ; 8 LEs         ; 8 LEs                ; 0 LEs                  ; Yes        ; |Programmable_Timer|tgt_sec1[0]                                    ;
; 5:1                ; 4 bits    ; 12 LEs        ; 12 LEs               ; 0 LEs                  ; No         ; |Programmable_Timer|BCD_to_SevenSeg:MinuteDisplay|SevenSeg_out[3]  ;
; 5:1                ; 4 bits    ; 12 LEs        ; 12 LEs               ; 0 LEs                  ; No         ; |Programmable_Timer|BCD_to_SevenSeg:SecTensDisplay|SevenSeg_out[5] ;
; 5:1                ; 4 bits    ; 12 LEs        ; 12 LEs               ; 0 LEs                  ; No         ; |Programmable_Timer|BCD_to_SevenSeg:SecOnesDisplay|SevenSeg_out[5] ;
+--------------------+-----------+---------------+----------------------+------------------------+------------+--------------------------------------------------------------------+


+-----------------------------------------------------+
; Port Connectivity Checks: "BCD_Counter:Min_Counter" ;
+-----------+-------+----------+----------------------+
; Port      ; Type  ; Severity ; Details              ;
+-----------+-------+----------+----------------------+
; direction ; Input ; Info     ; Stuck at VCC         ;
+-----------+-------+----------+----------------------+


+--------------------------------------------------------------+
; Port Connectivity Checks: "BCD_Counter_Limit5:Sec10_Counter" ;
+-----------+-------+----------+-------------------------------+
; Port      ; Type  ; Severity ; Details                       ;
+-----------+-------+----------+-------------------------------+
; direction ; Input ; Info     ; Stuck at VCC                  ;
+-----------+-------+----------+-------------------------------+


+------------------------------------------------------+
; Port Connectivity Checks: "BCD_Counter:Sec1_Counter" ;
+-----------+-------+----------+-----------------------+
; Port      ; Type  ; Severity ; Details               ;
+-----------+-------+----------+-----------------------+
; direction ; Input ; Info     ; Stuck at VCC          ;
+-----------+-------+----------+-----------------------+


+-----------------------------------------------------+
; Post-Synthesis Netlist Statistics for Top Partition ;
+-----------------------+-----------------------------+
; Type                  ; Count                       ;
+-----------------------+-----------------------------+
; arriav_ff             ; 50                          ;
;     CLR               ; 2                           ;
;     CLR SCLR          ; 26                          ;
;     ENA               ; 19                          ;
;     ENA CLR           ; 3                           ;
; arriav_lcell_comb     ; 89                          ;
;     arith             ; 26                          ;
;         1 data inputs ; 26                          ;
;     normal            ; 63                          ;
;         1 data inputs ; 7                           ;
;         2 data inputs ; 7                           ;
;         3 data inputs ; 4                           ;
;         4 data inputs ; 27                          ;
;         5 data inputs ; 8                           ;
;         6 data inputs ; 10                          ;
; boundary_port         ; 35                          ;
;                       ;                             ;
; Max LUT depth         ; 3.50                        ;
; Average LUT depth     ; 2.01                        ;
+-----------------------+-----------------------------+


+-------------------------------+
; Elapsed Time Per Partition    ;
+----------------+--------------+
; Partition Name ; Elapsed Time ;
+----------------+--------------+
; Top            ; 00:00:00     ;
+----------------+--------------+


+-------------------------------+
; Analysis & Synthesis Messages ;
+-------------------------------+
Info: *******************************************************************
Info: Running Quartus Prime Analysis & Synthesis
    Info: Version 24.1std.0 Build 1077 03/04/2025 SC Lite Edition
    Info: Processing started: Thu Apr 10 20:41:37 2025
Info: Command: quartus_map --read_settings_files=on --write_settings_files=off lab3_quartus -c lab3_quartus
Warning (18236): Number of processors has not been specified which may cause overloading on shared machines.  Set the global assignment NUM_PARALLEL_PROCESSORS in your QSF to an appropriate value for best performance.
Info (20030): Parallel compilation is enabled and will use 16 of the 16 processors detected
Info (12021): Found 2 design units, including 1 entities, in source file /lab3tonny/lab3_vhdl_files/test_bcd_counter.vhd
    Info (12022): Found design unit 1: test_bcd_counter-tb File: C:/lab3Tonny/lab3_VHDL_files/Test_BCD_Counter.vhd Line: 8
    Info (12023): Found entity 1: test_bcd_counter File: C:/lab3Tonny/lab3_VHDL_files/Test_BCD_Counter.vhd Line: 5
Info (12021): Found 2 design units, including 1 entities, in source file /lab3tonny/lab3_vhdl_files/tb_programmable_timer.vhd
    Info (12022): Found design unit 1: TB_Programmable_Timer-test File: C:/lab3Tonny/lab3_VHDL_files/TB_Programmable_Timer.vhd Line: 8
    Info (12023): Found entity 1: TB_Programmable_Timer File: C:/lab3Tonny/lab3_VHDL_files/TB_Programmable_Timer.vhd Line: 5
Info (12021): Found 2 design units, including 1 entities, in source file /lab3tonny/lab3_vhdl_files/programmable_timer.vhd
    Info (12022): Found design unit 1: Programmable_Timer-Behavioral File: C:/lab3Tonny/lab3_VHDL_files/Programmable_Timer.vhd Line: 18
    Info (12023): Found entity 1: Programmable_Timer File: C:/lab3Tonny/lab3_VHDL_files/Programmable_Timer.vhd Line: 5
Info (12021): Found 2 design units, including 1 entities, in source file /lab3tonny/lab3_vhdl_files/clockdivider_testbench.vhd
    Info (12022): Found design unit 1: TB_ClockDivider_1Hz-test File: C:/lab3Tonny/lab3_VHDL_files/clockDivider_testbench.vhd Line: 8
    Info (12023): Found entity 1: TB_ClockDivider_1Hz File: C:/lab3Tonny/lab3_VHDL_files/clockDivider_testbench.vhd Line: 5
Info (12021): Found 2 design units, including 1 entities, in source file /lab3tonny/lab3_vhdl_files/clockdivider_1hz.vhd
    Info (12022): Found design unit 1: ClockDivider_1Hz-Behavioral File: C:/lab3Tonny/lab3_VHDL_files/ClockDivider_1Hz.vhd Line: 13
    Info (12023): Found entity 1: ClockDivider_1Hz File: C:/lab3Tonny/lab3_VHDL_files/ClockDivider_1Hz.vhd Line: 5
Info (12021): Found 2 design units, including 1 entities, in source file /lab3tonny/lab3_vhdl_files/bcd_to_7seg.vhd
    Info (12022): Found design unit 1: BCD_to_SevenSeg-arc1 File: C:/lab3Tonny/lab3_VHDL_files/BCD_to_7Seg.vhd Line: 12
    Info (12023): Found entity 1: BCD_to_SevenSeg File: C:/lab3Tonny/lab3_VHDL_files/BCD_to_7Seg.vhd Line: 7
Info (12021): Found 2 design units, including 1 entities, in source file /lab3tonny/lab3_vhdl_files/bcd_counter_limit5.vhd
    Info (12022): Found design unit 1: BCD_Counter_Limit5-Behavioral File: C:/lab3Tonny/lab3_VHDL_files/BCD_Counter_Limit5.vhd Line: 15
    Info (12023): Found entity 1: BCD_Counter_Limit5 File: C:/lab3Tonny/lab3_VHDL_files/BCD_Counter_Limit5.vhd Line: 5
Warning (12019): Can't analyze file -- file ../BCD_to_7Seg.vhd is missing
Info (12021): Found 2 design units, including 1 entities, in source file /lab3tonny/lab3_vhdl_files/bcd_counter.vhd
    Info (12022): Found design unit 1: BCD_Counter-Behavioral File: C:/lab3Tonny/lab3_VHDL_files/BCD_Counter.vhd Line: 15
    Info (12023): Found entity 1: BCD_Counter File: C:/lab3Tonny/lab3_VHDL_files/BCD_Counter.vhd Line: 5
Info (12127): Elaborating entity "Programmable_Timer" for the top level hierarchy
Info (12128): Elaborating entity "ClockDivider_1Hz" for hierarchy "ClockDivider_1Hz:Divider_inst" File: C:/lab3Tonny/lab3_VHDL_files/Programmable_Timer.vhd Line: 71
Info (12128): Elaborating entity "BCD_Counter" for hierarchy "BCD_Counter:Sec1_Counter" File: C:/lab3Tonny/lab3_VHDL_files/Programmable_Timer.vhd Line: 131
Info (12128): Elaborating entity "BCD_Counter_Limit5" for hierarchy "BCD_Counter_Limit5:Sec10_Counter" File: C:/lab3Tonny/lab3_VHDL_files/Programmable_Timer.vhd Line: 140
Info (12128): Elaborating entity "BCD_to_SevenSeg" for hierarchy "BCD_to_SevenSeg:MinuteDisplay" File: C:/lab3Tonny/lab3_VHDL_files/Programmable_Timer.vhd Line: 161
Info (286030): Timing-Driven Synthesis is running
Info (16010): Generating hard_block partition "hard_block:auto_generated_inst"
    Info (16011): Adding 0 node(s), including 0 DDIO, 0 PLL, 0 transceiver and 0 LCELL
Info (21057): Implemented 120 device resources after synthesis - the final resource count might be different
    Info (21058): Implemented 13 input pins
    Info (21059): Implemented 22 output pins
    Info (21061): Implemented 85 logic cells
Info: Quartus Prime Analysis & Synthesis was successful. 0 errors, 2 warnings
    Info: Peak virtual memory: 4957 megabytes
    Info: Processing ended: Thu Apr 10 20:41:44 2025
    Info: Elapsed time: 00:00:07
    Info: Total CPU time (on all processors): 00:00:15


