------------------------------------------------------------
Timing Analyzer Summary
------------------------------------------------------------

Type  : Slow 1100mV 85C Model Setup 'clk25'
Slack : -4.557
TNS   : -233.387

Type  : Slow 1100mV 85C Model Setup 'MOUSE:u_mouse|MOUSE_CLK_FILTER'
Slack : -3.726
TNS   : -280.989

Type  : Slow 1100mV 85C Model Setup 'VGA_SYNC:u_vga_sync|vert_sync_out'
Slack : -2.792
TNS   : -33.218

Type  : Slow 1100mV 85C Model Setup 'CLOCK_50'
Slack : -2.531
TNS   : -2.531

Type  : Slow 1100mV 85C Model Hold 'clk25'
Slack : 0.352
TNS   : 0.000

Type  : Slow 1100mV 85C Model Hold 'MOUSE:u_mouse|MOUSE_CLK_FILTER'
Slack : 0.366
TNS   : 0.000

Type  : Slow 1100mV 85C Model Hold 'VGA_SYNC:u_vga_sync|vert_sync_out'
Slack : 0.389
TNS   : 0.000

Type  : Slow 1100mV 85C Model Hold 'CLOCK_50'
Slack : 0.912
TNS   : 0.000

Type  : Slow 1100mV 85C Model Recovery 'MOUSE:u_mouse|MOUSE_CLK_FILTER'
Slack : -1.266
TNS   : -20.153

Type  : Slow 1100mV 85C Model Removal 'MOUSE:u_mouse|MOUSE_CLK_FILTER'
Slack : 0.284
TNS   : 0.000

Type  : Slow 1100mV 85C Model Minimum Pulse Width 'clk25'
Slack : -0.538
TNS   : -90.250

Type  : Slow 1100mV 85C Model Minimum Pulse Width 'MOUSE:u_mouse|MOUSE_CLK_FILTER'
Slack : -0.538
TNS   : -73.294

Type  : Slow 1100mV 85C Model Minimum Pulse Width 'VGA_SYNC:u_vga_sync|vert_sync_out'
Slack : -0.538
TNS   : -10.268

Type  : Slow 1100mV 85C Model Minimum Pulse Width 'CLOCK_50'
Slack : -0.538
TNS   : -0.839

Type  : Slow 1100mV 0C Model Setup 'clk25'
Slack : -4.491
TNS   : -231.107

Type  : Slow 1100mV 0C Model Setup 'MOUSE:u_mouse|MOUSE_CLK_FILTER'
Slack : -3.574
TNS   : -267.136

Type  : Slow 1100mV 0C Model Setup 'VGA_SYNC:u_vga_sync|vert_sync_out'
Slack : -2.928
TNS   : -33.974

Type  : Slow 1100mV 0C Model Setup 'CLOCK_50'
Slack : -2.475
TNS   : -2.475

Type  : Slow 1100mV 0C Model Hold 'clk25'
Slack : 0.350
TNS   : 0.000

Type  : Slow 1100mV 0C Model Hold 'VGA_SYNC:u_vga_sync|vert_sync_out'
Slack : 0.369
TNS   : 0.000

Type  : Slow 1100mV 0C Model Hold 'MOUSE:u_mouse|MOUSE_CLK_FILTER'
Slack : 0.394
TNS   : 0.000

Type  : Slow 1100mV 0C Model Hold 'CLOCK_50'
Slack : 0.878
TNS   : 0.000

Type  : Slow 1100mV 0C Model Recovery 'MOUSE:u_mouse|MOUSE_CLK_FILTER'
Slack : -1.167
TNS   : -18.552

Type  : Slow 1100mV 0C Model Removal 'MOUSE:u_mouse|MOUSE_CLK_FILTER'
Slack : 0.271
TNS   : 0.000

Type  : Slow 1100mV 0C Model Minimum Pulse Width 'clk25'
Slack : -0.538
TNS   : -88.868

Type  : Slow 1100mV 0C Model Minimum Pulse Width 'MOUSE:u_mouse|MOUSE_CLK_FILTER'
Slack : -0.538
TNS   : -72.738

Type  : Slow 1100mV 0C Model Minimum Pulse Width 'VGA_SYNC:u_vga_sync|vert_sync_out'
Slack : -0.538
TNS   : -10.160

Type  : Slow 1100mV 0C Model Minimum Pulse Width 'CLOCK_50'
Slack : -0.538
TNS   : -0.865

Type  : Fast 1100mV 85C Model Setup 'clk25'
Slack : -2.485
TNS   : -86.783

Type  : Fast 1100mV 85C Model Setup 'MOUSE:u_mouse|MOUSE_CLK_FILTER'
Slack : -1.692
TNS   : -110.568

Type  : Fast 1100mV 85C Model Setup 'CLOCK_50'
Slack : -1.673
TNS   : -1.673

Type  : Fast 1100mV 85C Model Setup 'VGA_SYNC:u_vga_sync|vert_sync_out'
Slack : -1.177
TNS   : -12.697

Type  : Fast 1100mV 85C Model Hold 'clk25'
Slack : 0.041
TNS   : 0.000

Type  : Fast 1100mV 85C Model Hold 'MOUSE:u_mouse|MOUSE_CLK_FILTER'
Slack : 0.051
TNS   : 0.000

Type  : Fast 1100mV 85C Model Hold 'VGA_SYNC:u_vga_sync|vert_sync_out'
Slack : 0.132
TNS   : 0.000

Type  : Fast 1100mV 85C Model Hold 'CLOCK_50'
Slack : 0.809
TNS   : 0.000

Type  : Fast 1100mV 85C Model Recovery 'MOUSE:u_mouse|MOUSE_CLK_FILTER'
Slack : -0.535
TNS   : -8.510

Type  : Fast 1100mV 85C Model Removal 'MOUSE:u_mouse|MOUSE_CLK_FILTER'
Slack : 0.021
TNS   : 0.000

Type  : Fast 1100mV 85C Model Minimum Pulse Width 'CLOCK_50'
Slack : -0.317
TNS   : -0.317

Type  : Fast 1100mV 85C Model Minimum Pulse Width 'clk25'
Slack : -0.129
TNS   : -4.650

Type  : Fast 1100mV 85C Model Minimum Pulse Width 'MOUSE:u_mouse|MOUSE_CLK_FILTER'
Slack : -0.117
TNS   : -3.504

Type  : Fast 1100mV 85C Model Minimum Pulse Width 'VGA_SYNC:u_vga_sync|vert_sync_out'
Slack : 0.084
TNS   : 0.000

Type  : Fast 1100mV 0C Model Setup 'clk25'
Slack : -2.223
TNS   : -74.823

Type  : Fast 1100mV 0C Model Setup 'MOUSE:u_mouse|MOUSE_CLK_FILTER'
Slack : -1.427
TNS   : -94.932

Type  : Fast 1100mV 0C Model Setup 'CLOCK_50'
Slack : -1.358
TNS   : -1.358

Type  : Fast 1100mV 0C Model Setup 'VGA_SYNC:u_vga_sync|vert_sync_out'
Slack : -0.993
TNS   : -11.136

Type  : Fast 1100mV 0C Model Hold 'clk25'
Slack : 0.013
TNS   : 0.000

Type  : Fast 1100mV 0C Model Hold 'MOUSE:u_mouse|MOUSE_CLK_FILTER'
Slack : 0.056
TNS   : 0.000

Type  : Fast 1100mV 0C Model Hold 'VGA_SYNC:u_vga_sync|vert_sync_out'
Slack : 0.104
TNS   : 0.000

Type  : Fast 1100mV 0C Model Hold 'CLOCK_50'
Slack : 0.537
TNS   : 0.000

Type  : Fast 1100mV 0C Model Recovery 'MOUSE:u_mouse|MOUSE_CLK_FILTER'
Slack : -0.459
TNS   : -7.311

Type  : Fast 1100mV 0C Model Removal 'MOUSE:u_mouse|MOUSE_CLK_FILTER'
Slack : 0.031
TNS   : 0.000

Type  : Fast 1100mV 0C Model Minimum Pulse Width 'CLOCK_50'
Slack : -0.325
TNS   : -0.325

Type  : Fast 1100mV 0C Model Minimum Pulse Width 'MOUSE:u_mouse|MOUSE_CLK_FILTER'
Slack : -0.068
TNS   : -1.352

Type  : Fast 1100mV 0C Model Minimum Pulse Width 'clk25'
Slack : -0.057
TNS   : -0.987

Type  : Fast 1100mV 0C Model Minimum Pulse Width 'VGA_SYNC:u_vga_sync|vert_sync_out'
Slack : 0.102
TNS   : 0.000

------------------------------------------------------------
