------------------------------------------------------------
Timing Analyzer Summary
------------------------------------------------------------

Type  : Slow 1100mV 85C Model Setup 'Clk'
Slack : -2.825
TNS   : -119.912

Type  : Slow 1100mV 85C Model Hold 'Clk'
Slack : 0.355
TNS   : 0.000

Type  : Slow 1100mV 85C Model Minimum Pulse Width 'Clk'
Slack : -0.538
TNS   : -47.947

Type  : Slow 1100mV 0C Model Setup 'Clk'
Slack : -2.947
TNS   : -118.024

Type  : Slow 1100mV 0C Model Hold 'Clk'
Slack : 0.343
TNS   : 0.000

Type  : Slow 1100mV 0C Model Minimum Pulse Width 'Clk'
Slack : -0.538
TNS   : -49.025

Type  : Fast 1100mV 85C Model Setup 'Clk'
Slack : -0.943
TNS   : -28.510

Type  : Fast 1100mV 85C Model Hold 'Clk'
Slack : 0.180
TNS   : 0.000

Type  : Fast 1100mV 85C Model Minimum Pulse Width 'Clk'
Slack : -0.095
TNS   : -5.726

Type  : Fast 1100mV 0C Model Setup 'Clk'
Slack : -0.772
TNS   : -22.340

Type  : Fast 1100mV 0C Model Hold 'Clk'
Slack : 0.167
TNS   : 0.000

Type  : Fast 1100mV 0C Model Minimum Pulse Width 'Clk'
Slack : -0.097
TNS   : -5.906

------------------------------------------------------------
