Flow report for top_de0_cv
Fri May 30 12:01:42 2025
Quartus Prime Version 18.1.0 Build 625 09/12/2018 SJ Lite Edition


---------------------
; Table of Contents ;
---------------------
  1. Legal Notice
  2. Flow Summary
  3. Flow Settings
  4. Flow Non-Default Global Settings
  5. Flow Elapsed Time
  6. Flow OS Summary
  7. Flow Log
  8. Flow Messages
  9. Flow Suppressed Messages



----------------
; Legal Notice ;
----------------
Copyright (C) 2018  Intel Corporation. All rights reserved.
Your use of Intel Corporation's design tools, logic functions 
and other software and tools, and its AMPP partner logic 
functions, and any output files from any of the foregoing 
(including device programming or simulation files), and any 
associated documentation or information are expressly subject 
to the terms and conditions of the Intel Program License 
Subscription Agreement, the Intel Quartus Prime License Agreement,
the Intel FPGA IP License Agreement, or other applicable license
agreement, including, without limitation, that your use is for
the sole purpose of programming logic devices manufactured by
Intel and sold by Intel or its authorized distributors.  Please
refer to the applicable agreement for further details.



+-------------------------------------------------------------------------------+
; Flow Summary                                                                  ;
+---------------------------------+---------------------------------------------+
; Flow Status                     ; Successful - Fri May 30 12:01:26 2025       ;
; Quartus Prime Version           ; 18.1.0 Build 625 09/12/2018 SJ Lite Edition ;
; Revision Name                   ; top_de0_cv                                  ;
; Top-level Entity Name           ; de0_cv_top                                  ;
; Family                          ; Cyclone V                                   ;
; Device                          ; 5CEBA4F23C7                                 ;
; Timing Models                   ; Final                                       ;
; Logic utilization (in ALMs)     ; 1,155 / 18,480 ( 6 % )                      ;
; Total registers                 ; 465                                         ;
; Total pins                      ; 65 / 224 ( 29 % )                           ;
; Total virtual pins              ; 0                                           ;
; Total block memory bits         ; 16,384 / 3,153,920 ( < 1 % )                ;
; Total DSP Blocks                ; 0 / 66 ( 0 % )                              ;
; Total HSSI RX PCSs              ; 0                                           ;
; Total HSSI PMA RX Deserializers ; 0                                           ;
; Total HSSI TX PCSs              ; 0                                           ;
; Total HSSI PMA TX Serializers   ; 0                                           ;
; Total PLLs                      ; 0 / 4 ( 0 % )                               ;
; Total DLLs                      ; 0 / 4 ( 0 % )                               ;
+---------------------------------+---------------------------------------------+


+-----------------------------------------+
; Flow Settings                           ;
+-------------------+---------------------+
; Option            ; Setting             ;
+-------------------+---------------------+
; Start date & time ; 05/30/2025 12:00:11 ;
; Main task         ; Compilation         ;
; Revision Name     ; top_de0_cv          ;
+-------------------+---------------------+


+------------------------------------------------------------------------------------------------------------------------------------------------------------+
; Flow Non-Default Global Settings                                                                                                                           ;
+--------------------------------------------+----------------------------------------+--------------------+-------------+-----------------------------------+
; Assignment Name                            ; Value                                  ; Default Value      ; Entity Name ; Section Id                        ;
+--------------------------------------------+----------------------------------------+--------------------+-------------+-----------------------------------+
; COMPILER_SIGNATURE_ID                      ; 9190536260444.174856321115072          ; --                 ; --          ; --                                ;
; EDA_GENERATE_FUNCTIONAL_NETLIST            ; Off                                    ; --                 ; --          ; eda_board_design_timing           ;
; EDA_GENERATE_FUNCTIONAL_NETLIST            ; Off                                    ; --                 ; --          ; eda_board_design_boundary_scan    ;
; EDA_GENERATE_FUNCTIONAL_NETLIST            ; Off                                    ; --                 ; --          ; eda_board_design_signal_integrity ;
; EDA_GENERATE_FUNCTIONAL_NETLIST            ; Off                                    ; --                 ; --          ; eda_board_design_symbol           ;
; FINAL_PLACEMENT_OPTIMIZATION               ; Never                                  ; Automatically      ; --          ; --                                ;
; FITTER_AGGRESSIVE_ROUTABILITY_OPTIMIZATION ; Never                                  ; Automatically      ; --          ; --                                ;
; FITTER_EFFORT                              ; Fast Fit                               ; Auto Fit           ; --          ; --                                ;
; FLOW_ENABLE_RTL_VIEWER                     ; On                                     ; Off                ; --          ; --                                ;
; MAX_CORE_JUNCTION_TEMP                     ; 85                                     ; --                 ; --          ; --                                ;
; MIN_CORE_JUNCTION_TEMP                     ; 0                                      ; --                 ; --          ; --                                ;
; MISC_FILE                                  ; Main_Char_ROM.cmp                      ; --                 ; --          ; --                                ;
; OPTIMIZATION_TECHNIQUE                     ; Speed                                  ; Balanced           ; --          ; --                                ;
; OPTIMIZE_MULTI_CORNER_TIMING               ; Off                                    ; On                 ; --          ; --                                ;
; OPTIMIZE_TIMING                            ; Off                                    ; Normal compilation ; --          ; --                                ;
; OUTPUT_IO_TIMING_FAR_END_VMEAS             ; Half Signal Swing                      ; --                 ; --          ; --                                ;
; OUTPUT_IO_TIMING_FAR_END_VMEAS             ; Half Signal Swing                      ; --                 ; --          ; --                                ;
; OUTPUT_IO_TIMING_NEAR_END_VMEAS            ; Half Vccio                             ; --                 ; --          ; --                                ;
; OUTPUT_IO_TIMING_NEAR_END_VMEAS            ; Half Vccio                             ; --                 ; --          ; --                                ;
; PARTITION_COLOR                            ; -- (Not supported for targeted family) ; --                 ; de0_cv_top  ; Top                               ;
; PARTITION_FITTER_PRESERVATION_LEVEL        ; -- (Not supported for targeted family) ; --                 ; de0_cv_top  ; Top                               ;
; PARTITION_NETLIST_TYPE                     ; -- (Not supported for targeted family) ; --                 ; de0_cv_top  ; Top                               ;
; POWER_BOARD_THERMAL_MODEL                  ; None (CONSERVATIVE)                    ; --                 ; --          ; --                                ;
; POWER_PRESET_COOLING_SOLUTION              ; 23 MM HEAT SINK WITH 200 LFPM AIRFLOW  ; --                 ; --          ; --                                ;
; PROJECT_OUTPUT_DIRECTORY                   ; output_files                           ; --                 ; --          ; --                                ;
; SMART_RECOMPILE                            ; On                                     ; Off                ; --          ; --                                ;
; TOP_LEVEL_ENTITY                           ; de0_cv_top                             ; top_de0_cv         ; --          ; --                                ;
+--------------------------------------------+----------------------------------------+--------------------+-------------+-----------------------------------+


+--------------------------------------------------------------------------------------------------------------------------+
; Flow Elapsed Time                                                                                                        ;
+----------------------+--------------+-------------------------+---------------------+------------------------------------+
; Module Name          ; Elapsed Time ; Average Processors Used ; Peak Virtual Memory ; Total CPU Time (on all processors) ;
+----------------------+--------------+-------------------------+---------------------+------------------------------------+
; Analysis & Synthesis ; 00:00:19     ; 1.0                     ; 4915 MB             ; 00:00:12                           ;
; Fitter               ; 00:00:47     ; 1.0                     ; 6139 MB             ; 00:00:42                           ;
; Assembler            ; 00:00:05     ; 1.0                     ; 4829 MB             ; 00:00:03                           ;
; Timing Analyzer      ; 00:00:14     ; 1.8                     ; 5142 MB             ; 00:00:13                           ;
; Total                ; 00:01:25     ; --                      ; --                  ; 00:01:10                           ;
+----------------------+--------------+-------------------------+---------------------+------------------------------------+


+------------------------------------------------------------------------------------+
; Flow OS Summary                                                                    ;
+----------------------+------------------+------------+------------+----------------+
; Module Name          ; Machine Hostname ; OS Name    ; OS Version ; Processor type ;
+----------------------+------------------+------------+------------+----------------+
; Analysis & Synthesis ; LAPTOP-LU9DVR71  ; Windows 10 ; 10.0       ; x86_64         ;
; Fitter               ; LAPTOP-LU9DVR71  ; Windows 10 ; 10.0       ; x86_64         ;
; Assembler            ; LAPTOP-LU9DVR71  ; Windows 10 ; 10.0       ; x86_64         ;
; Timing Analyzer      ; LAPTOP-LU9DVR71  ; Windows 10 ; 10.0       ; x86_64         ;
+----------------------+------------------+------------+------------+----------------+


------------
; Flow Log ;
------------
quartus_map --read_settings_files=on --write_settings_files=off ParentProject -c top_de0_cv
quartus_fit --read_settings_files=off --write_settings_files=off ParentProject -c top_de0_cv
quartus_asm --read_settings_files=off --write_settings_files=off ParentProject -c top_de0_cv
quartus_sta ParentProject -c top_de0_cv



