------------------------------------------------------------
Timing Analyzer Summary
------------------------------------------------------------

Type  : Slow 1100mV 85C Model Setup 'clk25'
Slack : -4.529
TNS   : -210.408

Type  : Slow 1100mV 85C Model Setup 'MOUSE:u_mouse|MOUSE_CLK_FILTER'
Slack : -3.823
TNS   : -289.662

Type  : Slow 1100mV 85C Model Setup 'VGA_SYNC:u_vga_sync|vert_sync_out'
Slack : -2.806
TNS   : -31.390

Type  : Slow 1100mV 85C Model Setup 'CLOCK_50'
Slack : -2.388
TNS   : -2.388

Type  : Slow 1100mV 85C Model Hold 'clk25'
Slack : 0.295
TNS   : 0.000

Type  : Slow 1100mV 85C Model Hold 'MOUSE:u_mouse|MOUSE_CLK_FILTER'
Slack : 0.454
TNS   : 0.000

Type  : Slow 1100mV 85C Model Hold 'CLOCK_50'
Slack : 0.583
TNS   : 0.000

Type  : Slow 1100mV 85C Model Hold 'VGA_SYNC:u_vga_sync|vert_sync_out'
Slack : 0.844
TNS   : 0.000

Type  : Slow 1100mV 85C Model Recovery 'MOUSE:u_mouse|MOUSE_CLK_FILTER'
Slack : -1.148
TNS   : -18.273

Type  : Slow 1100mV 85C Model Removal 'MOUSE:u_mouse|MOUSE_CLK_FILTER'
Slack : 0.265
TNS   : 0.000

Type  : Slow 1100mV 85C Model Minimum Pulse Width 'CLOCK_50'
Slack : -0.618
TNS   : -1.156

Type  : Slow 1100mV 85C Model Minimum Pulse Width 'clk25'
Slack : -0.538
TNS   : -79.313

Type  : Slow 1100mV 85C Model Minimum Pulse Width 'MOUSE:u_mouse|MOUSE_CLK_FILTER'
Slack : -0.538
TNS   : -72.705

Type  : Slow 1100mV 85C Model Minimum Pulse Width 'VGA_SYNC:u_vga_sync|vert_sync_out'
Slack : -0.538
TNS   : -9.272

Type  : Slow 1100mV 0C Model Setup 'clk25'
Slack : -4.573
TNS   : -211.462

Type  : Slow 1100mV 0C Model Setup 'MOUSE:u_mouse|MOUSE_CLK_FILTER'
Slack : -3.596
TNS   : -273.782

Type  : Slow 1100mV 0C Model Setup 'VGA_SYNC:u_vga_sync|vert_sync_out'
Slack : -2.904
TNS   : -32.542

Type  : Slow 1100mV 0C Model Setup 'CLOCK_50'
Slack : -2.240
TNS   : -2.240

Type  : Slow 1100mV 0C Model Hold 'clk25'
Slack : 0.314
TNS   : 0.000

Type  : Slow 1100mV 0C Model Hold 'MOUSE:u_mouse|MOUSE_CLK_FILTER'
Slack : 0.369
TNS   : 0.000

Type  : Slow 1100mV 0C Model Hold 'CLOCK_50'
Slack : 0.505
TNS   : 0.000

Type  : Slow 1100mV 0C Model Hold 'VGA_SYNC:u_vga_sync|vert_sync_out'
Slack : 0.817
TNS   : 0.000

Type  : Slow 1100mV 0C Model Recovery 'MOUSE:u_mouse|MOUSE_CLK_FILTER'
Slack : -1.018
TNS   : -16.179

Type  : Slow 1100mV 0C Model Removal 'MOUSE:u_mouse|MOUSE_CLK_FILTER'
Slack : 0.241
TNS   : 0.000

Type  : Slow 1100mV 0C Model Minimum Pulse Width 'CLOCK_50'
Slack : -0.673
TNS   : -1.211

Type  : Slow 1100mV 0C Model Minimum Pulse Width 'clk25'
Slack : -0.538
TNS   : -77.774

Type  : Slow 1100mV 0C Model Minimum Pulse Width 'MOUSE:u_mouse|MOUSE_CLK_FILTER'
Slack : -0.538
TNS   : -72.069

Type  : Slow 1100mV 0C Model Minimum Pulse Width 'VGA_SYNC:u_vga_sync|vert_sync_out'
Slack : -0.538
TNS   : -9.235

Type  : Fast 1100mV 85C Model Setup 'clk25'
Slack : -2.376
TNS   : -75.948

Type  : Fast 1100mV 85C Model Setup 'CLOCK_50'
Slack : -1.828
TNS   : -1.828

Type  : Fast 1100mV 85C Model Setup 'MOUSE:u_mouse|MOUSE_CLK_FILTER'
Slack : -1.576
TNS   : -116.188

Type  : Fast 1100mV 85C Model Setup 'VGA_SYNC:u_vga_sync|vert_sync_out'
Slack : -1.145
TNS   : -11.654

Type  : Fast 1100mV 85C Model Hold 'clk25'
Slack : 0.070
TNS   : 0.000

Type  : Fast 1100mV 85C Model Hold 'MOUSE:u_mouse|MOUSE_CLK_FILTER'
Slack : 0.140
TNS   : 0.000

Type  : Fast 1100mV 85C Model Hold 'VGA_SYNC:u_vga_sync|vert_sync_out'
Slack : 0.392
TNS   : 0.000

Type  : Fast 1100mV 85C Model Hold 'CLOCK_50'
Slack : 0.798
TNS   : 0.000

Type  : Fast 1100mV 85C Model Recovery 'MOUSE:u_mouse|MOUSE_CLK_FILTER'
Slack : -0.419
TNS   : -6.657

Type  : Fast 1100mV 85C Model Removal 'MOUSE:u_mouse|MOUSE_CLK_FILTER'
Slack : 0.062
TNS   : 0.000

Type  : Fast 1100mV 85C Model Minimum Pulse Width 'CLOCK_50'
Slack : -0.715
TNS   : -1.243

Type  : Fast 1100mV 85C Model Minimum Pulse Width 'clk25'
Slack : -0.055
TNS   : -1.126

Type  : Fast 1100mV 85C Model Minimum Pulse Width 'MOUSE:u_mouse|MOUSE_CLK_FILTER'
Slack : -0.037
TNS   : -0.214

Type  : Fast 1100mV 85C Model Minimum Pulse Width 'VGA_SYNC:u_vga_sync|vert_sync_out'
Slack : 0.148
TNS   : 0.000

Type  : Fast 1100mV 0C Model Setup 'clk25'
Slack : -2.125
TNS   : -65.180

Type  : Fast 1100mV 0C Model Setup 'CLOCK_50'
Slack : -1.565
TNS   : -1.565

Type  : Fast 1100mV 0C Model Setup 'MOUSE:u_mouse|MOUSE_CLK_FILTER'
Slack : -1.347
TNS   : -98.954

Type  : Fast 1100mV 0C Model Setup 'VGA_SYNC:u_vga_sync|vert_sync_out'
Slack : -1.010
TNS   : -10.330

Type  : Fast 1100mV 0C Model Hold 'clk25'
Slack : -0.006
TNS   : -0.006

Type  : Fast 1100mV 0C Model Hold 'MOUSE:u_mouse|MOUSE_CLK_FILTER'
Slack : 0.150
TNS   : 0.000

Type  : Fast 1100mV 0C Model Hold 'VGA_SYNC:u_vga_sync|vert_sync_out'
Slack : 0.346
TNS   : 0.000

Type  : Fast 1100mV 0C Model Hold 'CLOCK_50'
Slack : 0.633
TNS   : 0.000

Type  : Fast 1100mV 0C Model Recovery 'MOUSE:u_mouse|MOUSE_CLK_FILTER'
Slack : -0.363
TNS   : -5.774

Type  : Fast 1100mV 0C Model Removal 'MOUSE:u_mouse|MOUSE_CLK_FILTER'
Slack : 0.064
TNS   : 0.000

Type  : Fast 1100mV 0C Model Minimum Pulse Width 'CLOCK_50'
Slack : -0.755
TNS   : -1.381

Type  : Fast 1100mV 0C Model Minimum Pulse Width 'MOUSE:u_mouse|MOUSE_CLK_FILTER'
Slack : -0.016
TNS   : -0.090

Type  : Fast 1100mV 0C Model Minimum Pulse Width 'clk25'
Slack : -0.001
TNS   : -0.002

Type  : Fast 1100mV 0C Model Minimum Pulse Width 'VGA_SYNC:u_vga_sync|vert_sync_out'
Slack : 0.147
TNS   : 0.000

------------------------------------------------------------
